22.06.2026 09:55:51 - ==============================================

22.06.2026 09:55:51 - Найдено файлов для обработки: 93

22.06.2026 09:55:51 - Обработка: bez_4lista_zzz-01-03.pdf
22.06.2026 09:55:55 - Обработка: bez_4lista_zzz-04-06.pdf
22.06.2026 09:55:59 - Файл уже существует, сохранён как: Протокол_13.05.2026_Кумертау(Башкортостан Респ)_mux-1_ПРД-TMU901C1E-100583319_БАШ6856_1??Совпад??.pdf
22.06.2026 09:55:59 - Обработка: bez_4lista_zzz-07-09.pdf
22.06.2026 09:56:03 - Обработка: bez_4lista_zzz-10-12.pdf
22.06.2026 09:56:07 - Обработка: bez_4lista_zzz-13-15.pdf
22.06.2026 09:56:11 - Дата:НЕ НАЙДЕНО!!!
22.06.2026 09:56:11 - Обработка: bez_4lista_zzz-16-18.pdf
22.06.2026 09:56:15 - Дата:НЕ НАЙДЕНО!!!
22.06.2026 09:56:15 - Обработка: bez_4lista_zzz-19-21.pdf
22.06.2026 09:56:19 - Дата:НЕ НАЙДЕНО!!!
22.06.2026 09:56:19 - Обработка: bez_4lista_zzz-22-24.pdf
22.06.2026 09:56:23 - Обработка: bez_4lista_zzz-25-27.pdf
22.06.2026 09:56:27 - Обработка: bez_4lista_zzz-28-30.pdf
22.06.2026 09:56:30 - Инвентарный номер:НЕ НАЙДЕНО!!!
22.06.2026 09:56:31 - Обработка: bez_4lista_zzz-31-33.pdf
22.06.2026 09:56:34 - Обработка: bez_4lista_zzz-34-36.pdf
22.06.2026 09:56:38 - Инвентарный номер:НЕ НАЙДЕНО!!!
22.06.2026 09:56:38 - Обработка: bez_4lista_zzz-37-39.pdf
22.06.2026 09:56:43 - Обработка: bez_4lista_zzz-40-42.pdf
22.06.2026 09:56:46 - Инвентарный номер:НЕ НАЙДЕНО!!!
22.06.2026 09:56:47 - Обработка: bez_4lista_zzz-43-45.pdf
22.06.2026 09:56:51 - Обработка: bez_4lista_zzz-46-48.pdf
22.06.2026 09:56:55 - Обработка: bez_4lista_zzz-49-51.pdf
22.06.2026 09:56:59 - Файл уже существует, сохранён как: Протокол_13.05.2026_Кумертау(Башкортостан Респ)_mux-2_ПРД-UAX-250 T2-164979_БАШ0827_1??Совпад??.pdf
22.06.2026 09:56:59 - Обработка: bez_4lista_zzz-52-54.pdf
22.06.2026 09:57:03 - Файл уже существует, сохранён как: Протокол_13.05.2026_Кумертау(Башкортостан Респ)_mux-1_ПРД-TMU901C1E-100583319_БАШ6856_2??Совпад??.pdf
22.06.2026 09:57:03 - Обработка: bez_4lista_zzz-55-57.pdf
22.06.2026 09:57:06 - Обработка: bez_4lista_zzz-58-60.pdf
22.06.2026 09:57:11 - Обработка: bez_4lista_zzz-61-63.pdf
22.06.2026 09:57:15 - Файл уже существует, сохранён как: Протокол_12.05.2026_Ишимбай(Ишимбайский р-н)_mux-1_ПРД-SLV-8025E-225445_БАШ3746_1??Совпад??.pdf
22.06.2026 09:57:15 - Обработка: bez_4lista_zzz-64-66.pdf
22.06.2026 09:57:20 - Обработка: bez_4lista_zzz-67-69.pdf
22.06.2026 09:57:26 - Обработка: bez_4lista_zzz-70-72.pdf
22.06.2026 09:57:31 - Обработка: bez_4lista_zzz-73-75.pdf
22.06.2026 09:57:37 - Обработка: bez_4lista_zzz-76-78.pdf
22.06.2026 09:57:41 - Обработка: bez_lista4-01-03.pdf
22.06.2026 09:57:47 - Обработка: bez_lista4-04-06.pdf
22.06.2026 09:57:53 - Обработка: bez_lista4-07-09.pdf
22.06.2026 09:57:59 - Обработка: bez_lista4-10-12.pdf
22.06.2026 09:58:04 - Обработка: bez_lista4-13-15.pdf
22.06.2026 09:58:11 - Обработка: bez_lista4-16-18.pdf
22.06.2026 09:58:17 - Обработка: bez_lista4-19-21.pdf
22.06.2026 09:58:22 - Обработка: bez_lista4-22-24.pdf
22.06.2026 09:58:28 - Обработка: bez_lista4-25-27.pdf
22.06.2026 09:58:35 - Обработка: bez_lista4-28-30.pdf
22.06.2026 09:58:41 - Обработка: bez_lista4-31-33.pdf
22.06.2026 09:58:46 - Обработка: bez_lista4-34-36.pdf
22.06.2026 09:58:53 - Обработка: merged-01-03.pdf
22.06.2026 09:58:59 - Дата:НЕ НАЙДЕНО!!!
22.06.2026 09:59:00 - Обработка: merged-04-06.pdf
22.06.2026 09:59:05 - Дата:НЕ НАЙДЕНО!!!
22.06.2026 09:59:06 - Обработка: merged-07-09.pdf
22.06.2026 09:59:11 - Дата:НЕ НАЙДЕНО!!!
22.06.2026 09:59:12 - Обработка: merged-10-12.pdf
22.06.2026 09:59:18 - Дата:НЕ НАЙДЕНО!!!
22.06.2026 09:59:18 - Файл уже существует, сохранён как: Протокол_Неизвестно_Имени 8 Марта(Ермекеевский р-н)_mux-2_ПРД-TTUD100-100635634_БАШ6755_1??Совпад??.pdf
22.06.2026 09:59:18 - Обработка: merged-13-15.pdf
22.06.2026 09:59:24 - Дата:НЕ НАЙДЕНО!!!
22.06.2026 09:59:24 - Обработка: merged-16-18.pdf
22.06.2026 09:59:30 - Дата:НЕ НАЙДЕНО!!!
22.06.2026 09:59:30 - Файл уже существует, сохранён как: Протокол_Неизвестно_Акбулатово(Федоровский р-н)_mux-1_ПРД-SCV-8302E-165145_БАШ1015_1??Совпад??.pdf
22.06.2026 09:59:30 - Обработка: merged-19-21.pdf
22.06.2026 09:59:37 - Дата:НЕ НАЙДЕНО!!!
22.06.2026 09:59:37 - Обработка: merged-22-24.pdf
22.06.2026 09:59:44 - Дата:НЕ НАЙДЕНО!!!
22.06.2026 09:59:44 - Обработка: merged-25-27.pdf
22.06.2026 09:59:50 - Дата:НЕ НАЙДЕНО!!!
22.06.2026 09:59:51 - Обработка: merged-28-30.pdf
22.06.2026 09:59:57 - Дата:НЕ НАЙДЕНО!!!
22.06.2026 09:59:57 - Обработка: merged-31-33.pdf
22.06.2026 10:00:02 - Дата:НЕ НАЙДЕНО!!!
22.06.2026 10:00:03 - Обработка: merged-34-36.pdf
22.06.2026 10:00:09 - Дата:НЕ НАЙДЕНО!!!
22.06.2026 10:00:09 - Обработка: merged-37-39.pdf
22.06.2026 10:00:14 - Дата:НЕ НАЙДЕНО!!!
22.06.2026 10:00:14 - Обработка: merged-40-42.pdf
22.06.2026 10:00:20 - Дата:НЕ НАЙДЕНО!!!
22.06.2026 10:00:21 - Обработка: merged-43-45.pdf
22.06.2026 10:00:27 - Дата:НЕ НАЙДЕНО!!!
22.06.2026 10:00:27 - Обработка: merged-46-48.pdf
22.06.2026 10:00:33 - Дата:НЕ НАЙДЕНО!!!
22.06.2026 10:00:34 - Обработка: merged-49-51.pdf
22.06.2026 10:00:41 - Обработка: merged-52-54.pdf
22.06.2026 10:00:48 - Обработка: merged-55-57.pdf
22.06.2026 10:00:53 - Обработка: merged-58-60.pdf
22.06.2026 10:00:59 - Обработка: merged-61-63.pdf
22.06.2026 10:01:05 - Обработка: merged-64-66.pdf
22.06.2026 10:01:13 - Обработка: merged-67-69.pdf
22.06.2026 10:01:19 - Обработка: merged-70-72.pdf
22.06.2026 10:01:24 - Обработка: merged-73-75.pdf
22.06.2026 10:01:30 - Обработка: merged-76-78.pdf
22.06.2026 10:01:36 - Обработка: merged-79-81.pdf
22.06.2026 10:01:42 - Обработка: merged-82-84.pdf
22.06.2026 10:01:49 - Дата:НЕ НАЙДЕНО!!!
22.06.2026 10:01:49 - Обработка: merged-85-87.pdf
22.06.2026 10:01:56 - Дата:НЕ НАЙДЕНО!!!
22.06.2026 10:01:56 - Инвентарный номер:НЕ НАЙДЕНО!!!
22.06.2026 10:01:57 - Обработка: merged_itog_2-01-03.pdf
22.06.2026 10:02:04 - Обработка: merged_itog_2-04-06.pdf
22.06.2026 10:02:10 - Обработка: merged_itog_2-07-09.pdf
22.06.2026 10:02:16 - Инвентарный номер:НЕ НАЙДЕНО!!!
22.06.2026 10:02:17 - Обработка: merged_itog_2-10-12.pdf
22.06.2026 10:02:23 - Обработка: merged_itog_2-13-15.pdf
22.06.2026 10:02:29 - Обработка: merged_itog_2-16-18.pdf
22.06.2026 10:02:36 - Обработка: merged_itog_2-19-21.pdf
22.06.2026 10:02:43 - Обработка: merged_itog_2-22-24.pdf
22.06.2026 10:02:51 - Обработка: merged_itog_2-25-27.pdf
22.06.2026 10:02:57 - Обработка: merged_itog_2-28-30.pdf
22.06.2026 10:03:03 - Обработка: merged_itog_2-31-33.pdf
22.06.2026 10:03:08 - Обработка: merged_itog_2-34-36.pdf
22.06.2026 10:03:15 - Обработка: merged_itog_2-37-39.pdf
22.06.2026 10:03:22 - Обработка: merged_itog_2-40-42.pdf
22.06.2026 10:03:28 - Инвентарный номер:НЕ НАЙДЕНО!!!
22.06.2026 10:03:29 - Обработка: merged_itog_2-43-45.pdf
22.06.2026 10:03:36 - Обработка: merged_itog_2-46-48.pdf
22.06.2026 10:03:43 - Обработка: merged_itog_2-49-51.pdf
22.06.2026 10:03:50 - Обработка: merged_itog_2-52-54.pdf
22.06.2026 10:03:56 - Обработка: merged_itog_2-55-57.pdf
22.06.2026 10:04:02 - Обработка: merged_itog_2-58-60.pdf
22.06.2026 10:04:08 - Обработка: merged_itog_2-61-63.pdf
22.06.2026 10:04:15 - Обработка: merged_itog_2-64-66.pdf
22.06.2026 10:04:20 - Инвентарный номер:НЕ НАЙДЕНО!!!
22.06.2026 10:04:21 - Обработка: merged_itog_2-67-69.pdf
22.06.2026 10:04:28 - Обработка: merged_itog_2-70-72.pdf
22.06.2026 10:04:33 - Инвентарный номер:НЕ НАЙДЕНО!!!
22.06.2026 10:04:34 - Обработка: merged_itog_2-73-75.pdf
22.06.2026 10:04:40 - Обработка: merged_itog_2-76-78.pdf
22.06.2026 10:04:47 - Файл уже существует, сохранён как: Протокол_27.02.2026_Тукаево(Туймазинский р-н)_mux-1_ПРД-SLV-8100E-225253_БАШ3664_1??Совпад??.pdf
22.06.2026 10:04:47 - ==================================================
22.06.2026 10:04:47 - Успешно обработано: 93
22.06.2026 10:04:47 - Ошибок: 21
22.06.2026 10:04:47 - Всего: 93
22.06.2026 10:04:47 - ==================================================
23.06.2026 15:51:05 - ==============================================

23.06.2026 15:51:05 - Найдено файлов для обработки: 3

23.06.2026 15:51:05 - Обработка: bez_4lista_zzz-58-60.pdf
23.06.2026 15:51:10 - Обработка: bez_4lista_zzz-61-63.pdf
23.06.2026 15:51:14 - Обработка: bez_4lista_zzz-64-66.pdf
23.06.2026 15:51:18 - ==================================================
23.06.2026 15:51:18 - Успешно обработано: 3
23.06.2026 15:51:18 - Ошибок: 0
23.06.2026 15:51:18 - Всего: 3
23.06.2026 15:51:18 - ==================================================
